#! /usr/local/bin/vvp
:ivl_version "12.0 (stable)";
:ivl_delay_selection "TYPICAL";
:vpi_time_precision + 0;
:vpi_module "/usr/local/lib/ivl/system.vpi";
:vpi_module "/usr/local/lib/ivl/vhdl_sys.vpi";
:vpi_module "/usr/local/lib/ivl/vhdl_textio.vpi";
:vpi_module "/usr/local/lib/ivl/v2005_math.vpi";
:vpi_module "/usr/local/lib/ivl/va_math.vpi";
:vpi_module "/usr/local/lib/ivl/v2009.vpi";
S_0x307d9060 .scope package, "$unit" "$unit" 2 1;
 .timescale 0 0;
S_0x307aa2d0 .scope module, "i2c_tb" "i2c_tb" 3 1;
 .timescale 0 0;
v0x30801270_0 .var "addr", 6 0;
v0x30801360_0 .var "clk", 0 0;
v0x30801430_0 .var "data_in", 7 0;
v0x30801530_0 .net "data_out", 7 0, v0x307fee70_0;  1 drivers
v0x30801600_0 .var "en", 0 0;
v0x308016a0_0 .net "ready", 0 0, L_0x30812320;  1 drivers
v0x30801770_0 .var "rst", 0 0;
v0x30801840_0 .var "rw", 0 0;
v0x30801910_0 .net "scl", 0 0, L_0x308129f0;  1 drivers
RS_0x7f204f0be798 .resolv tri, L_0x30812d80, L_0x30813180;
v0x30801a40_0 .net8 "sda", 0 0, RS_0x7f204f0be798;  2 drivers
S_0x307d1c90 .scope module, "master" "i2c_master" 3 17, 4 1 0, S_0x307aa2d0;
 .timescale 0 0;
    .port_info 0 /INPUT 1 "clk";
    .port_info 1 /INPUT 1 "rst";
    .port_info 2 /INPUT 7 "addr";
    .port_info 3 /INPUT 8 "data_in";
    .port_info 4 /INPUT 1 "en";
    .port_info 5 /INPUT 1 "rw";
    .port_info 6 /OUTPUT 8 "data_out";
    .port_info 7 /OUTPUT 1 "ready";
    .port_info 8 /INOUT 1 "sda";
    .port_info 9 /INOUT 1 "scl";
P_0x307d1e20 .param/l "ADDRESS" 0 4 12, +C4<00000000000000000000000000000010>;
P_0x307d1e60 .param/l "CYCLES" 0 4 19, +C4<00000000000000000000000000000100>;
P_0x307d1ea0 .param/l "IDLE" 0 4 10, +C4<00000000000000000000000000000000>;
P_0x307d1ee0 .param/l "READ_ACK" 0 4 13, +C4<00000000000000000000000000000011>;
P_0x307d1f20 .param/l "READ_ACK2" 0 4 17, +C4<00000000000000000000000000000111>;
P_0x307d1f60 .param/l "READ_DATA" 0 4 16, +C4<00000000000000000000000000000110>;
P_0x307d1fa0 .param/l "START" 0 4 11, +C4<00000000000000000000000000000001>;
P_0x307d1fe0 .param/l "STOP" 0 4 18, +C4<00000000000000000000000000001000>;
P_0x307d2020 .param/l "WRITE_ACK" 0 4 15, +C4<00000000000000000000000000000101>;
P_0x307d2060 .param/l "WRITE_DATA" 0 4 14, +C4<00000000000000000000000000000100>;
L_0x30812030 .functor AND 1, L_0x30811c30, L_0x30811ec0, C4<1>, C4<1>;
v0x307b5280_0 .net *"_ivl_0", 31 0, L_0x30801b30;  1 drivers
L_0x7f204f0750a8 .functor BUFT 1, C4<000000000000000000000000>, C4<0>, C4<0>, C4<0>;
v0x307fd450_0 .net *"_ivl_11", 23 0, L_0x7f204f0750a8;  1 drivers
L_0x7f204f0750f0 .functor BUFT 1, C4<00000000000000000000000000000000>, C4<0>, C4<0>, C4<0>;
v0x307fd530_0 .net/2u *"_ivl_12", 31 0, L_0x7f204f0750f0;  1 drivers
v0x307fd620_0 .net *"_ivl_14", 0 0, L_0x30811ec0;  1 drivers
v0x307fd6e0_0 .net *"_ivl_17", 0 0, L_0x30812030;  1 drivers
L_0x7f204f075138 .functor BUFT 1, C4<01>, C4<0>, C4<0>, C4<0>;
v0x307fd7f0_0 .net/2s *"_ivl_18", 1 0, L_0x7f204f075138;  1 drivers
L_0x7f204f075180 .functor BUFT 1, C4<00>, C4<0>, C4<0>, C4<0>;
v0x307fd8d0_0 .net/2s *"_ivl_20", 1 0, L_0x7f204f075180;  1 drivers
v0x307fd9b0_0 .net *"_ivl_22", 1 0, L_0x30812190;  1 drivers
v0x307fda90_0 .net *"_ivl_26", 31 0, L_0x308124a0;  1 drivers
L_0x7f204f0751c8 .functor BUFT 1, C4<0000000000000000000000000000000>, C4<0>, C4<0>, C4<0>;
v0x307fdc00_0 .net *"_ivl_29", 30 0, L_0x7f204f0751c8;  1 drivers
L_0x7f204f075018 .functor BUFT 1, C4<0000000000000000000000000000000>, C4<0>, C4<0>, C4<0>;
v0x307fdce0_0 .net *"_ivl_3", 30 0, L_0x7f204f075018;  1 drivers
L_0x7f204f075210 .functor BUFT 1, C4<00000000000000000000000000000000>, C4<0>, C4<0>, C4<0>;
v0x307fddc0_0 .net/2u *"_ivl_30", 31 0, L_0x7f204f075210;  1 drivers
v0x307fdea0_0 .net *"_ivl_32", 0 0, L_0x30812590;  1 drivers
L_0x7f204f075258 .functor BUFT 1, C4<01>, C4<0>, C4<0>, C4<0>;
v0x307fdf60_0 .net/2u *"_ivl_34", 1 0, L_0x7f204f075258;  1 drivers
v0x307fe040_0 .net *"_ivl_36", 1 0, L_0x308127b0;  1 drivers
L_0x7f204f0752a0 .functor BUFT 1, C4<0>, C4<0>, C4<0>, C4<0>;
v0x307fe120_0 .net *"_ivl_39", 0 0, L_0x7f204f0752a0;  1 drivers
L_0x7f204f075060 .functor BUFT 1, C4<00000000000000000000000000000000>, C4<0>, C4<0>, C4<0>;
v0x307fe200_0 .net/2u *"_ivl_4", 31 0, L_0x7f204f075060;  1 drivers
v0x307fe3b0_0 .net *"_ivl_40", 1 0, L_0x30812850;  1 drivers
v0x307fe450_0 .net *"_ivl_44", 31 0, L_0x30812ae0;  1 drivers
L_0x7f204f0752e8 .functor BUFT 1, C4<0000000000000000000000000000000>, C4<0>, C4<0>, C4<0>;
v0x307fe530_0 .net *"_ivl_47", 30 0, L_0x7f204f0752e8;  1 drivers
L_0x7f204f075330 .functor BUFT 1, C4<00000000000000000000000000000001>, C4<0>, C4<0>, C4<0>;
v0x307fe610_0 .net/2u *"_ivl_48", 31 0, L_0x7f204f075330;  1 drivers
v0x307fe6f0_0 .net *"_ivl_50", 0 0, L_0x30812c40;  1 drivers
o0x7f204f0be438 .functor BUFZ 1, C4<z>; HiZ drive
; Elide local net with no drivers, v0x307fe7b0_0 name=_ivl_52
v0x307fe890_0 .net *"_ivl_6", 0 0, L_0x30811c30;  1 drivers
v0x307fe950_0 .net *"_ivl_8", 31 0, L_0x30811d70;  1 drivers
v0x307fea30_0 .net "addr", 6 0, v0x30801270_0;  1 drivers
v0x307feb10_0 .net "clk", 0 0, v0x30801360_0;  1 drivers
v0x307febd0_0 .var "counter", 7 0;
v0x307fecb0_0 .var "counter_clk", 7 0;
v0x307fed90_0 .net "data_in", 7 0, v0x30801430_0;  1 drivers
v0x307fee70_0 .var "data_out", 7 0;
v0x307fef50_0 .net "en", 0 0, v0x30801600_0;  1 drivers
v0x307ff010_0 .net "ready", 0 0, L_0x30812320;  alias, 1 drivers
v0x307fe2c0_0 .net "rst", 0 0, v0x30801770_0;  1 drivers
v0x307ff2c0_0 .net "rw", 0 0, v0x30801840_0;  1 drivers
v0x307ff360_0 .var "saved_addr", 7 0;
v0x307ff440_0 .var "saved_data", 7 0;
v0x307ff520_0 .net "scl", 0 0, L_0x308129f0;  alias, 1 drivers
v0x307ff5e0_0 .var "scl_clk", 0 0;
v0x307ff6a0_0 .var "scl_enable", 0 0;
v0x307ff760_0 .net8 "sda", 0 0, RS_0x7f204f0be798;  alias, 2 drivers
v0x307ff820_0 .var "sda_out", 0 0;
v0x307ff8e0_0 .var "state", 7 0;
v0x307ff9c0_0 .var "wr_enable", 0 0;
E_0x307acd40/0 .event negedge, v0x307ff5e0_0;
E_0x307acd40/1 .event posedge, v0x307fe2c0_0;
E_0x307acd40 .event/or E_0x307acd40/0, E_0x307acd40/1;
E_0x307d3e50 .event posedge, v0x307fe2c0_0, v0x307ff5e0_0;
E_0x307d3ec0 .event posedge, v0x307feb10_0;
L_0x30801b30 .concat [ 1 31 0 0], v0x30801770_0, L_0x7f204f075018;
L_0x30811c30 .cmp/eq 32, L_0x30801b30, L_0x7f204f075060;
L_0x30811d70 .concat [ 8 24 0 0], v0x307ff8e0_0, L_0x7f204f0750a8;
L_0x30811ec0 .cmp/eq 32, L_0x30811d70, L_0x7f204f0750f0;
L_0x30812190 .functor MUXZ 2, L_0x7f204f075180, L_0x7f204f075138, L_0x30812030, C4<>;
L_0x30812320 .part L_0x30812190, 0, 1;
L_0x308124a0 .concat [ 1 31 0 0], v0x307ff6a0_0, L_0x7f204f0751c8;
L_0x30812590 .cmp/eq 32, L_0x308124a0, L_0x7f204f075210;
L_0x308127b0 .concat [ 1 1 0 0], v0x307ff5e0_0, L_0x7f204f0752a0;
L_0x30812850 .functor MUXZ 2, L_0x308127b0, L_0x7f204f075258, L_0x30812590, C4<>;
L_0x308129f0 .part L_0x30812850, 0, 1;
L_0x30812ae0 .concat [ 1 31 0 0], v0x307ff9c0_0, L_0x7f204f0752e8;
L_0x30812c40 .cmp/eq 32, L_0x30812ae0, L_0x7f204f075330;
L_0x30812d80 .functor MUXZ 1, o0x7f204f0be438, v0x307ff820_0, L_0x30812c40, C4<>;
S_0x307ffc20 .scope module, "slave" "i2c_slave" 3 31, 5 1 0, S_0x307aa2d0;
 .timescale 0 0;
    .port_info 0 /INOUT 1 "sda";
    .port_info 1 /INOUT 1 "scl";
P_0x307ffdd0 .param/l "ADDRESS" 1 5 6, C4<0101010>;
P_0x307ffe10 .param/l "READ_ADDR" 1 5 8, +C4<00000000000000000000000000000000>;
P_0x307ffe50 .param/l "READ_DATA" 1 5 10, +C4<00000000000000000000000000000010>;
P_0x307ffe90 .param/l "SEND_ACK" 1 5 9, +C4<00000000000000000000000000000001>;
P_0x307ffed0 .param/l "SEND_ACK2" 1 5 12, +C4<00000000000000000000000000000100>;
P_0x307fff10 .param/l "WRITE_DATA" 1 5 11, +C4<00000000000000000000000000000011>;
v0x30800430_0 .net *"_ivl_0", 31 0, L_0x30812ef0;  1 drivers
L_0x7f204f075378 .functor BUFT 1, C4<0000000000000000000000000000000>, C4<0>, C4<0>, C4<0>;
v0x30800530_0 .net *"_ivl_3", 30 0, L_0x7f204f075378;  1 drivers
L_0x7f204f0753c0 .functor BUFT 1, C4<00000000000000000000000000000001>, C4<0>, C4<0>, C4<0>;
v0x30800610_0 .net/2u *"_ivl_4", 31 0, L_0x7f204f0753c0;  1 drivers
v0x30800700_0 .net *"_ivl_6", 0 0, L_0x30813010;  1 drivers
o0x7f204f0beaf8 .functor BUFZ 1, C4<z>; HiZ drive
; Elide local net with no drivers, v0x308007c0_0 name=_ivl_8
v0x308008f0_0 .var "addr", 7 0;
v0x308009d0_0 .var "counter", 7 0;
v0x30800ab0_0 .var "data_in", 7 0;
v0x30800b90_0 .var "data_out", 7 0;
v0x30800d00_0 .net "scl", 0 0, L_0x308129f0;  alias, 1 drivers
v0x30800da0_0 .net8 "sda", 0 0, RS_0x7f204f0be798;  alias, 2 drivers
v0x30800e70_0 .var "sda_in", 0 0;
v0x30800f10_0 .var "sda_out", 0 0;
v0x30800fb0_0 .var "start", 0 0;
v0x30801070_0 .var "state", 7 0;
v0x30801150_0 .var "wr_enable", 0 0;
E_0x30800280 .event negedge, v0x307ff520_0;
E_0x30800300 .event posedge, v0x307ff520_0;
E_0x30800360 .event posedge, v0x307ff760_0;
E_0x308003c0 .event negedge, v0x307ff760_0;
L_0x30812ef0 .concat [ 1 31 0 0], v0x30801150_0, L_0x7f204f075378;
L_0x30813010 .cmp/eq 32, L_0x30812ef0, L_0x7f204f0753c0;
L_0x30813180 .functor MUXZ 1, o0x7f204f0beaf8, v0x30800f10_0, L_0x30813010, C4<>;
    .scope S_0x307d1c90;
T_0 ;
    %pushi/vec4 0, 0, 8;
    %store/vec4 v0x307fecb0_0, 0, 8;
    %pushi/vec4 0, 0, 1;
    %store/vec4 v0x307ff6a0_0, 0, 1;
    %pushi/vec4 1, 0, 1;
    %store/vec4 v0x307ff5e0_0, 0, 1;
    %end;
    .thread T_0, $init;
    .scope S_0x307d1c90;
T_1 ;
    %wait E_0x307d3ec0;
    %load/vec4 v0x307fecb0_0;
    %pad/u 32;
    %cmpi/e 1, 0, 32;
    %jmp/0xz  T_1.0, 4;
    %load/vec4 v0x307ff5e0_0;
    %inv;
    %assign/vec4 v0x307ff5e0_0, 0;
    %pushi/vec4 0, 0, 8;
    %assign/vec4 v0x307fecb0_0, 0;
    %jmp T_1.1;
T_1.0 ;
    %load/vec4 v0x307fecb0_0;
    %addi 1, 0, 8;
    %assign/vec4 v0x307fecb0_0, 0;
T_1.1 ;
    %jmp T_1;
    .thread T_1;
    .scope S_0x307d1c90;
T_2 ;
    %wait E_0x307acd40;
    %load/vec4 v0x307fe2c0_0;
    %pad/u 32;
    %cmpi/e 1, 0, 32;
    %jmp/0xz  T_2.0, 4;
    %pushi/vec4 0, 0, 1;
    %assign/vec4 v0x307ff6a0_0, 0;
    %jmp T_2.1;
T_2.0 ;
    %load/vec4 v0x307ff8e0_0;
    %pad/u 32;
    %cmpi/e 0, 0, 32;
    %jmp/1 T_2.5, 4;
    %flag_mov 8, 4;
    %load/vec4 v0x307ff8e0_0;
    %pad/u 32;
    %cmpi/e 1, 0, 32;
    %flag_or 4, 8;
T_2.5;
    %jmp/1 T_2.4, 4;
    %flag_mov 8, 4;
    %load/vec4 v0x307ff8e0_0;
    %pad/u 32;
    %cmpi/e 8, 0, 32;
    %flag_or 4, 8;
T_2.4;
    %jmp/0xz  T_2.2, 4;
    %pushi/vec4 0, 0, 1;
    %assign/vec4 v0x307ff6a0_0, 0;
    %jmp T_2.3;
T_2.2 ;
    %pushi/vec4 1, 0, 1;
    %assign/vec4 v0x307ff6a0_0, 0;
T_2.3 ;
T_2.1 ;
    %jmp T_2;
    .thread T_2;
    .scope S_0x307d1c90;
T_3 ;
    %wait E_0x307d3e50;
    %load/vec4 v0x307fe2c0_0;
    %pad/u 32;
    %cmpi/e 1, 0, 32;
    %jmp/0xz  T_3.0, 4;
    %pushi/vec4 0, 0, 8;
    %assign/vec4 v0x307ff8e0_0, 0;
    %jmp T_3.1;
T_3.0 ;
    %load/vec4 v0x307ff8e0_0;
    %dup/vec4;
    %pushi/vec4 0, 0, 8;
    %cmp/u;
    %jmp/1 T_3.2, 6;
    %dup/vec4;
    %pushi/vec4 1, 0, 8;
    %cmp/u;
    %jmp/1 T_3.3, 6;
    %dup/vec4;
    %pushi/vec4 2, 0, 8;
    %cmp/u;
    %jmp/1 T_3.4, 6;
    %dup/vec4;
    %pushi/vec4 3, 0, 8;
    %cmp/u;
    %jmp/1 T_3.5, 6;
    %dup/vec4;
    %pushi/vec4 4, 0, 8;
    %cmp/u;
    %jmp/1 T_3.6, 6;
    %dup/vec4;
    %pushi/vec4 7, 0, 8;
    %cmp/u;
    %jmp/1 T_3.7, 6;
    %dup/vec4;
    %pushi/vec4 6, 0, 8;
    %cmp/u;
    %jmp/1 T_3.8, 6;
    %dup/vec4;
    %pushi/vec4 5, 0, 8;
    %cmp/u;
    %jmp/1 T_3.9, 6;
    %dup/vec4;
    %pushi/vec4 8, 0, 8;
    %cmp/u;
    %jmp/1 T_3.10, 6;
    %jmp T_3.11;
T_3.2 ;
    %load/vec4 v0x307fef50_0;
    %flag_set/vec4 8;
    %jmp/0xz  T_3.12, 8;
    %pushi/vec4 1, 0, 8;
    %assign/vec4 v0x307ff8e0_0, 0;
    %load/vec4 v0x307fea30_0;
    %load/vec4 v0x307ff2c0_0;
    %concat/vec4; draw_concat_vec4
    %assign/vec4 v0x307ff360_0, 0;
    %load/vec4 v0x307fed90_0;
    %assign/vec4 v0x307ff440_0, 0;
    %jmp T_3.13;
T_3.12 ;
    %pushi/vec4 0, 0, 8;
    %assign/vec4 v0x307ff8e0_0, 0;
T_3.13 ;
    %jmp T_3.11;
T_3.3 ;
    %pushi/vec4 7, 0, 8;
    %assign/vec4 v0x307febd0_0, 0;
    %pushi/vec4 2, 0, 8;
    %assign/vec4 v0x307ff8e0_0, 0;
    %jmp T_3.11;
T_3.4 ;
    %load/vec4 v0x307febd0_0;
    %pad/u 32;
    %cmpi/e 0, 0, 32;
    %jmp/0xz  T_3.14, 4;
    %pushi/vec4 3, 0, 8;
    %assign/vec4 v0x307ff8e0_0, 0;
    %jmp T_3.15;
T_3.14 ;
    %load/vec4 v0x307febd0_0;
    %subi 1, 0, 8;
    %assign/vec4 v0x307febd0_0, 0;
T_3.15 ;
    %jmp T_3.11;
T_3.5 ;
    %load/vec4 v0x307ff760_0;
    %pad/u 32;
    %cmpi/e 0, 0, 32;
    %jmp/0xz  T_3.16, 4;
    %pushi/vec4 7, 0, 8;
    %assign/vec4 v0x307febd0_0, 0;
    %load/vec4 v0x307ff360_0;
    %parti/s 1, 0, 2;
    %pad/u 32;
    %cmpi/e 0, 0, 32;
    %jmp/0xz  T_3.18, 4;
    %pushi/vec4 4, 0, 8;
    %assign/vec4 v0x307ff8e0_0, 0;
    %jmp T_3.19;
T_3.18 ;
    %pushi/vec4 6, 0, 8;
    %assign/vec4 v0x307ff8e0_0, 0;
T_3.19 ;
    %jmp T_3.17;
T_3.16 ;
    %pushi/vec4 8, 0, 8;
    %assign/vec4 v0x307ff8e0_0, 0;
T_3.17 ;
    %jmp T_3.11;
T_3.6 ;
    %load/vec4 v0x307febd0_0;
    %pad/u 32;
    %cmpi/e 0, 0, 32;
    %jmp/0xz  T_3.20, 4;
    %pushi/vec4 7, 0, 8;
    %assign/vec4 v0x307ff8e0_0, 0;
    %jmp T_3.21;
T_3.20 ;
    %load/vec4 v0x307febd0_0;
    %subi 1, 0, 8;
    %assign/vec4 v0x307febd0_0, 0;
T_3.21 ;
    %jmp T_3.11;
T_3.7 ;
    %load/vec4 v0x307ff760_0;
    %pad/u 32;
    %cmpi/e 0, 0, 32;
    %flag_get/vec4 4;
    %jmp/0 T_3.24, 4;
    %load/vec4 v0x307fef50_0;
    %pad/u 32;
    %pushi/vec4 1, 0, 32;
    %cmp/e;
    %flag_get/vec4 4;
    %and;
T_3.24;
    %flag_set/vec4 8;
    %jmp/0xz  T_3.22, 8;
    %pushi/vec4 0, 0, 8;
    %assign/vec4 v0x307ff8e0_0, 0;
    %jmp T_3.23;
T_3.22 ;
    %pushi/vec4 8, 0, 8;
    %assign/vec4 v0x307ff8e0_0, 0;
T_3.23 ;
    %jmp T_3.11;
T_3.8 ;
    %load/vec4 v0x307ff760_0;
    %ix/load 5, 0, 0;
    %ix/getv 4, v0x307febd0_0;
    %assign/vec4/off/d v0x307fee70_0, 4, 5;
    %load/vec4 v0x307febd0_0;
    %pad/u 32;
    %cmpi/e 0, 0, 32;
    %jmp/0xz  T_3.25, 4;
    %pushi/vec4 5, 0, 8;
    %assign/vec4 v0x307ff8e0_0, 0;
    %jmp T_3.26;
T_3.25 ;
    %load/vec4 v0x307febd0_0;
    %subi 1, 0, 8;
    %assign/vec4 v0x307febd0_0, 0;
T_3.26 ;
    %jmp T_3.11;
T_3.9 ;
    %pushi/vec4 8, 0, 8;
    %assign/vec4 v0x307ff8e0_0, 0;
    %jmp T_3.11;
T_3.10 ;
    %pushi/vec4 0, 0, 8;
    %assign/vec4 v0x307ff8e0_0, 0;
    %jmp T_3.11;
T_3.11 ;
    %pop/vec4 1;
T_3.1 ;
    %jmp T_3;
    .thread T_3;
    .scope S_0x307d1c90;
T_4 ;
    %wait E_0x307acd40;
    %load/vec4 v0x307fe2c0_0;
    %pad/u 32;
    %cmpi/e 1, 0, 32;
    %jmp/0xz  T_4.0, 4;
    %pushi/vec4 1, 0, 1;
    %assign/vec4 v0x307ff9c0_0, 0;
    %pushi/vec4 1, 0, 1;
    %assign/vec4 v0x307ff820_0, 0;
    %jmp T_4.1;
T_4.0 ;
    %load/vec4 v0x307ff8e0_0;
    %dup/vec4;
    %pushi/vec4 1, 0, 8;
    %cmp/u;
    %jmp/1 T_4.2, 6;
    %dup/vec4;
    %pushi/vec4 2, 0, 8;
    %cmp/u;
    %jmp/1 T_4.3, 6;
    %dup/vec4;
    %pushi/vec4 3, 0, 8;
    %cmp/u;
    %jmp/1 T_4.4, 6;
    %dup/vec4;
    %pushi/vec4 4, 0, 8;
    %cmp/u;
    %jmp/1 T_4.5, 6;
    %dup/vec4;
    %pushi/vec4 5, 0, 8;
    %cmp/u;
    %jmp/1 T_4.6, 6;
    %dup/vec4;
    %pushi/vec4 6, 0, 8;
    %cmp/u;
    %jmp/1 T_4.7, 6;
    %dup/vec4;
    %pushi/vec4 8, 0, 8;
    %cmp/u;
    %jmp/1 T_4.8, 6;
    %jmp T_4.9;
T_4.2 ;
    %pushi/vec4 1, 0, 1;
    %assign/vec4 v0x307ff9c0_0, 0;
    %pushi/vec4 0, 0, 1;
    %assign/vec4 v0x307ff820_0, 0;
    %jmp T_4.9;
T_4.3 ;
    %load/vec4 v0x307ff360_0;
    %load/vec4 v0x307febd0_0;
    %part/u 1;
    %assign/vec4 v0x307ff820_0, 0;
    %jmp T_4.9;
T_4.4 ;
    %pushi/vec4 0, 0, 1;
    %assign/vec4 v0x307ff9c0_0, 0;
    %jmp T_4.9;
T_4.5 ;
    %pushi/vec4 1, 0, 1;
    %assign/vec4 v0x307ff9c0_0, 0;
    %load/vec4 v0x307ff440_0;
    %load/vec4 v0x307febd0_0;
    %part/u 1;
    %assign/vec4 v0x307ff820_0, 0;
    %jmp T_4.9;
T_4.6 ;
    %pushi/vec4 1, 0, 1;
    %assign/vec4 v0x307ff9c0_0, 0;
    %pushi/vec4 0, 0, 1;
    %assign/vec4 v0x307ff820_0, 0;
    %jmp T_4.9;
T_4.7 ;
    %pushi/vec4 0, 0, 1;
    %assign/vec4 v0x307ff9c0_0, 0;
    %jmp T_4.9;
T_4.8 ;
    %pushi/vec4 1, 0, 1;
    %assign/vec4 v0x307ff9c0_0, 0;
    %pushi/vec4 1, 0, 1;
    %assign/vec4 v0x307ff820_0, 0;
    %jmp T_4.9;
T_4.9 ;
    %pop/vec4 1;
T_4.1 ;
    %jmp T_4;
    .thread T_4;
    .scope S_0x307ffc20;
T_5 ;
    %pushi/vec4 0, 0, 8;
    %store/vec4 v0x30801070_0, 0, 8;
    %pushi/vec4 109, 0, 8;
    %store/vec4 v0x30800ab0_0, 0, 8;
    %pushi/vec4 0, 0, 8;
    %store/vec4 v0x30800b90_0, 0, 8;
    %pushi/vec4 0, 0, 1;
    %store/vec4 v0x30800f10_0, 0, 1;
    %pushi/vec4 0, 0, 1;
    %store/vec4 v0x30800e70_0, 0, 1;
    %pushi/vec4 0, 0, 1;
    %store/vec4 v0x30800fb0_0, 0, 1;
    %pushi/vec4 0, 0, 1;
    %store/vec4 v0x30801150_0, 0, 1;
    %end;
    .thread T_5, $init;
    .scope S_0x307ffc20;
T_6 ;
    %wait E_0x308003c0;
    %load/vec4 v0x30800fb0_0;
    %pad/u 32;
    %cmpi/e 0, 0, 32;
    %flag_get/vec4 4;
    %jmp/0 T_6.2, 4;
    %load/vec4 v0x30800d00_0;
    %pad/u 32;
    %pushi/vec4 1, 0, 32;
    %cmp/e;
    %flag_get/vec4 4;
    %and;
T_6.2;
    %flag_set/vec4 8;
    %jmp/0xz  T_6.0, 8;
    %pushi/vec4 1, 0, 1;
    %assign/vec4 v0x30800fb0_0, 0;
    %pushi/vec4 7, 0, 8;
    %assign/vec4 v0x308009d0_0, 0;
T_6.0 ;
    %jmp T_6;
    .thread T_6;
    .scope S_0x307ffc20;
T_7 ;
    %wait E_0x30800360;
    %load/vec4 v0x30800fb0_0;
    %pad/u 32;
    %cmpi/e 1, 0, 32;
    %flag_get/vec4 4;
    %jmp/0 T_7.2, 4;
    %load/vec4 v0x30800d00_0;
    %pad/u 32;
    %pushi/vec4 1, 0, 32;
    %cmp/e;
    %flag_get/vec4 4;
    %and;
T_7.2;
    %flag_set/vec4 8;
    %jmp/0xz  T_7.0, 8;
    %pushi/vec4 0, 0, 8;
    %assign/vec4 v0x30801070_0, 0;
    %pushi/vec4 0, 0, 1;
    %assign/vec4 v0x30800fb0_0, 0;
    %pushi/vec4 0, 0, 1;
    %assign/vec4 v0x30801150_0, 0;
T_7.0 ;
    %jmp T_7;
    .thread T_7;
    .scope S_0x307ffc20;
T_8 ;
    %wait E_0x30800300;
    %load/vec4 v0x30800fb0_0;
    %pad/u 32;
    %cmpi/e 1, 0, 32;
    %jmp/0xz  T_8.0, 4;
    %load/vec4 v0x30801070_0;
    %dup/vec4;
    %pushi/vec4 0, 0, 8;
    %cmp/u;
    %jmp/1 T_8.2, 6;
    %dup/vec4;
    %pushi/vec4 1, 0, 8;
    %cmp/u;
    %jmp/1 T_8.3, 6;
    %dup/vec4;
    %pushi/vec4 2, 0, 8;
    %cmp/u;
    %jmp/1 T_8.4, 6;
    %dup/vec4;
    %pushi/vec4 4, 0, 8;
    %cmp/u;
    %jmp/1 T_8.5, 6;
    %dup/vec4;
    %pushi/vec4 3, 0, 8;
    %cmp/u;
    %jmp/1 T_8.6, 6;
    %jmp T_8.7;
T_8.2 ;
    %load/vec4 v0x30800da0_0;
    %ix/load 5, 0, 0;
    %ix/getv 4, v0x308009d0_0;
    %assign/vec4/off/d v0x308008f0_0, 4, 5;
    %load/vec4 v0x308009d0_0;
    %pad/u 32;
    %cmpi/e 0, 0, 32;
    %jmp/0xz  T_8.8, 4;
    %pushi/vec4 1, 0, 8;
    %assign/vec4 v0x30801070_0, 0;
    %jmp T_8.9;
T_8.8 ;
    %load/vec4 v0x308009d0_0;
    %subi 1, 0, 8;
    %assign/vec4 v0x308009d0_0, 0;
T_8.9 ;
    %jmp T_8.7;
T_8.3 ;
    %load/vec4 v0x308008f0_0;
    %parti/s 7, 1, 2;
    %cmpi/e 42, 0, 7;
    %jmp/0xz  T_8.10, 4;
    %pushi/vec4 7, 0, 8;
    %assign/vec4 v0x308009d0_0, 0;
    %load/vec4 v0x308008f0_0;
    %parti/s 1, 0, 2;
    %pad/u 32;
    %cmpi/e 0, 0, 32;
    %jmp/0xz  T_8.12, 4;
    %pushi/vec4 2, 0, 8;
    %assign/vec4 v0x30801070_0, 0;
    %jmp T_8.13;
T_8.12 ;
    %pushi/vec4 3, 0, 8;
    %assign/vec4 v0x30801070_0, 0;
T_8.13 ;
T_8.10 ;
    %jmp T_8.7;
T_8.4 ;
    %load/vec4 v0x30800da0_0;
    %ix/load 5, 0, 0;
    %ix/getv 4, v0x308009d0_0;
    %assign/vec4/off/d v0x30800b90_0, 4, 5;
    %load/vec4 v0x308009d0_0;
    %pad/u 32;
    %cmpi/e 0, 0, 32;
    %jmp/0xz  T_8.14, 4;
    %pushi/vec4 4, 0, 8;
    %assign/vec4 v0x30801070_0, 0;
    %jmp T_8.15;
T_8.14 ;
    %load/vec4 v0x308009d0_0;
    %subi 1, 0, 8;
    %assign/vec4 v0x308009d0_0, 0;
T_8.15 ;
    %jmp T_8.7;
T_8.5 ;
    %pushi/vec4 0, 0, 8;
    %assign/vec4 v0x30801070_0, 0;
    %jmp T_8.7;
T_8.6 ;
    %load/vec4 v0x308009d0_0;
    %pad/u 32;
    %cmpi/e 0, 0, 32;
    %jmp/0xz  T_8.16, 4;
    %pushi/vec4 0, 0, 8;
    %assign/vec4 v0x30801070_0, 0;
    %jmp T_8.17;
T_8.16 ;
    %load/vec4 v0x308009d0_0;
    %subi 1, 0, 8;
    %assign/vec4 v0x308009d0_0, 0;
T_8.17 ;
    %jmp T_8.7;
T_8.7 ;
    %pop/vec4 1;
T_8.0 ;
    %jmp T_8;
    .thread T_8;
    .scope S_0x307ffc20;
T_9 ;
    %wait E_0x30800280;
    %load/vec4 v0x30801070_0;
    %dup/vec4;
    %pushi/vec4 0, 0, 8;
    %cmp/u;
    %jmp/1 T_9.0, 6;
    %dup/vec4;
    %pushi/vec4 1, 0, 8;
    %cmp/u;
    %jmp/1 T_9.1, 6;
    %dup/vec4;
    %pushi/vec4 2, 0, 8;
    %cmp/u;
    %jmp/1 T_9.2, 6;
    %dup/vec4;
    %pushi/vec4 3, 0, 8;
    %cmp/u;
    %jmp/1 T_9.3, 6;
    %dup/vec4;
    %pushi/vec4 4, 0, 8;
    %cmp/u;
    %jmp/1 T_9.4, 6;
    %jmp T_9.5;
T_9.0 ;
    %pushi/vec4 0, 0, 1;
    %assign/vec4 v0x30801150_0, 0;
    %jmp T_9.5;
T_9.1 ;
    %pushi/vec4 0, 0, 1;
    %assign/vec4 v0x30800f10_0, 0;
    %pushi/vec4 1, 0, 1;
    %assign/vec4 v0x30801150_0, 0;
    %jmp T_9.5;
T_9.2 ;
    %pushi/vec4 0, 0, 1;
    %assign/vec4 v0x30801150_0, 0;
    %jmp T_9.5;
T_9.3 ;
    %load/vec4 v0x30800ab0_0;
    %load/vec4 v0x308009d0_0;
    %part/u 1;
    %assign/vec4 v0x30800f10_0, 0;
    %pushi/vec4 1, 0, 1;
    %assign/vec4 v0x30801150_0, 0;
    %jmp T_9.5;
T_9.4 ;
    %pushi/vec4 0, 0, 1;
    %assign/vec4 v0x30800f10_0, 0;
    %pushi/vec4 1, 0, 1;
    %assign/vec4 v0x30801150_0, 0;
    %jmp T_9.5;
T_9.5 ;
    %pop/vec4 1;
    %jmp T_9;
    .thread T_9;
    .scope S_0x307aa2d0;
T_10 ;
    %vpi_call/w 3 37 "$dumpfile", "i2c_protocal.vcd" {0 0 0};
    %vpi_call/w 3 38 "$dumpvars", 32'sb00000000000000000000000000000000, S_0x307aa2d0 {0 0 0};
    %end;
    .thread T_10;
    .scope S_0x307aa2d0;
T_11 ;
    %delay 1, 0;
    %load/vec4 v0x30801360_0;
    %inv;
    %store/vec4 v0x30801360_0, 0, 1;
    %jmp T_11;
    .thread T_11;
    .scope S_0x307aa2d0;
T_12 ;
    %pushi/vec4 0, 0, 1;
    %store/vec4 v0x30801360_0, 0, 1;
    %pushi/vec4 1, 0, 1;
    %store/vec4 v0x30801770_0, 0, 1;
    %delay 100, 0;
    %pushi/vec4 0, 0, 1;
    %store/vec4 v0x30801770_0, 0, 1;
    %pushi/vec4 42, 0, 7;
    %store/vec4 v0x30801270_0, 0, 7;
    %pushi/vec4 170, 0, 8;
    %store/vec4 v0x30801430_0, 0, 8;
    %pushi/vec4 1, 0, 1;
    %store/vec4 v0x30801840_0, 0, 1;
    %pushi/vec4 1, 0, 1;
    %store/vec4 v0x30801600_0, 0, 1;
    %delay 10, 0;
    %pushi/vec4 0, 0, 1;
    %store/vec4 v0x30801600_0, 0, 1;
    %delay 500, 0;
    %vpi_call/w 3 59 "$finish" {0 0 0};
    %end;
    .thread T_12;
# The file index is used to find the file name in the following table.
:file_names 6;
    "N/A";
    "<interactive>";
    "-";
    "./i2c_tb.sv";
    "./i2c_master.sv";
    "./i2c_slave.sv";
